// Jest Snapshot v1, https://goo.gl/fbAQLP

exports[`The CloudQuery stack matches the snapshot 1`] = `
{
  "Metadata": {
    "gu:cdk:constructs": [
      "GuVpcParameter",
      "GuSubnetListParameter",
      "GuSecurityGroup",
    ],
    "gu:cdk:version": "TEST",
  },
  "Parameters": {
    "VpcId": {
      "Default": "/account/vpc/primary/id",
      "Description": "Virtual Private Cloud to run EC2 instances within. Should NOT be the account default VPC.",
      "Type": "AWS::SSM::Parameter::Value<AWS::EC2::VPC::Id>",
    },
    "cloudqueryPrivateSubnets": {
      "Default": "/account/vpc/primary/subnets/private",
      "Description": "A list of private subnets",
      "Type": "AWS::SSM::Parameter::Value<List<AWS::EC2::Subnet::Id>>",
    },
  },
  "Resources": {
    "PostgresAccessSecurityGroupCloudqueryE959A23F": {
      "Properties": {
        "GroupDescription": "CloudQuery/PostgresAccessSecurityGroupCloudquery",
        "SecurityGroupEgress": [
          {
            "CidrIp": "0.0.0.0/0",
            "Description": "Allow all outbound traffic by default",
            "IpProtocol": "-1",
          },
        ],
        "Tags": [
          {
            "Key": "App",
            "Value": "cloudquery",
          },
          {
            "Key": "gu:cdk:version",
            "Value": "TEST",
          },
          {
            "Key": "gu:repo",
            "Value": "guardian/service-catalogue",
          },
          {
            "Key": "Stack",
            "Value": "deploy",
          },
          {
            "Key": "Stage",
            "Value": "TEST",
          },
        ],
        "VpcId": {
          "Ref": "VpcId",
        },
      },
      "Type": "AWS::EC2::SecurityGroup",
    },
    "PostgresAccessSecurityGroupParam38DFE001": {
      "Properties": {
        "DataType": "text",
        "Name": "/TEST/deploy/cloudquery/postgres-access-security-group",
        "Tags": {
          "Stack": "deploy",
          "Stage": "TEST",
          "gu:cdk:version": "TEST",
          "gu:repo": "guardian/service-catalogue",
        },
        "Tier": "Standard",
        "Type": "String",
        "Value": {
          "Fn::GetAtt": [
            "PostgresAccessSecurityGroupCloudqueryE959A23F",
            "GroupId",
          ],
        },
      },
      "Type": "AWS::SSM::Parameter",
    },
    "PostgresInstance16DE4286E": {
      "DeletionPolicy": "Snapshot",
      "Properties": {
        "AllocatedStorage": "100",
        "CopyTagsToSnapshot": true,
        "DBInstanceClass": "db.t4g.small",
        "DBSubnetGroupName": {
          "Ref": "PostgresInstance1SubnetGroupCAC045A5",
        },
        "EnableIAMDatabaseAuthentication": true,
        "Engine": "postgres",
        "MasterUserPassword": {
          "Fn::Join": [
            "",
            [
              "{{resolve:secretsmanager:",
              {
                "Ref": "PostgresInstance1Secret7FA1A24B",
              },
              ":SecretString:password::}}",
            ],
          ],
        },
        "MasterUsername": {
          "Fn::Join": [
            "",
            [
              "{{resolve:secretsmanager:",
              {
                "Ref": "PostgresInstance1Secret7FA1A24B",
              },
              ":SecretString:username::}}",
            ],
          ],
        },
        "Port": "5432",
        "PubliclyAccessible": false,
        "StorageType": "gp2",
        "Tags": [
          {
            "Key": "gu:cdk:version",
            "Value": "TEST",
          },
          {
            "Key": "gu:repo",
            "Value": "guardian/service-catalogue",
          },
          {
            "Key": "Stack",
            "Value": "deploy",
          },
          {
            "Key": "Stage",
            "Value": "TEST",
          },
        ],
        "VPCSecurityGroups": [
          {
            "Fn::GetAtt": [
              "PostgresInstance1SecurityGroupFA28C3C0",
              "GroupId",
            ],
          },
        ],
      },
      "Type": "AWS::RDS::DBInstance",
      "UpdateReplacePolicy": "Snapshot",
    },
    "PostgresInstance1Secret7FA1A24B": {
      "DeletionPolicy": "Delete",
      "Properties": {
        "Description": {
          "Fn::Join": [
            "",
            [
              "Generated by the CDK for stack: ",
              {
                "Ref": "AWS::StackName",
              },
            ],
          ],
        },
        "GenerateSecretString": {
          "ExcludeCharacters": " %+~\`#$&*()|[]{}:;<>?!'/@"\\",
          "GenerateStringKey": "password",
          "PasswordLength": 30,
          "SecretStringTemplate": "{"username":"postgres"}",
        },
        "Tags": [
          {
            "Key": "gu:cdk:version",
            "Value": "TEST",
          },
          {
            "Key": "gu:repo",
            "Value": "guardian/service-catalogue",
          },
          {
            "Key": "Stack",
            "Value": "deploy",
          },
          {
            "Key": "Stage",
            "Value": "TEST",
          },
        ],
      },
      "Type": "AWS::SecretsManager::Secret",
      "UpdateReplacePolicy": "Delete",
    },
    "PostgresInstance1SecretAttachmentBA0D257D": {
      "Properties": {
        "SecretId": {
          "Ref": "PostgresInstance1Secret7FA1A24B",
        },
        "TargetId": {
          "Ref": "PostgresInstance16DE4286E",
        },
        "TargetType": "AWS::RDS::DBInstance",
      },
      "Type": "AWS::SecretsManager::SecretTargetAttachment",
    },
    "PostgresInstance1SecurityGroupFA28C3C0": {
      "Properties": {
        "GroupDescription": "Security group for PostgresInstance1 database",
        "SecurityGroupEgress": [
          {
            "CidrIp": "0.0.0.0/0",
            "Description": "Allow all outbound traffic by default",
            "IpProtocol": "-1",
          },
        ],
        "Tags": [
          {
            "Key": "gu:cdk:version",
            "Value": "TEST",
          },
          {
            "Key": "gu:repo",
            "Value": "guardian/service-catalogue",
          },
          {
            "Key": "Stack",
            "Value": "deploy",
          },
          {
            "Key": "Stage",
            "Value": "TEST",
          },
        ],
        "VpcId": {
          "Ref": "VpcId",
        },
      },
      "Type": "AWS::EC2::SecurityGroup",
    },
    "PostgresInstance1SecurityGroupfromCloudQueryPostgresAccessSecurityGroupCloudqueryAE627D465432AE3168F5": {
      "Properties": {
        "Description": "from CloudQueryPostgresAccessSecurityGroupCloudqueryAE627D46:5432",
        "FromPort": 5432,
        "GroupId": {
          "Fn::GetAtt": [
            "PostgresInstance1SecurityGroupFA28C3C0",
            "GroupId",
          ],
        },
        "IpProtocol": "tcp",
        "SourceSecurityGroupId": {
          "Fn::GetAtt": [
            "PostgresAccessSecurityGroupCloudqueryE959A23F",
            "GroupId",
          ],
        },
        "ToPort": 5432,
      },
      "Type": "AWS::EC2::SecurityGroupIngress",
    },
    "PostgresInstance1SubnetGroupCAC045A5": {
      "Properties": {
        "DBSubnetGroupDescription": "Subnet group for PostgresInstance1 database",
        "SubnetIds": {
          "Ref": "cloudqueryPrivateSubnets",
        },
        "Tags": [
          {
            "Key": "gu:cdk:version",
            "Value": "TEST",
          },
          {
            "Key": "gu:repo",
            "Value": "guardian/service-catalogue",
          },
          {
            "Key": "Stack",
            "Value": "deploy",
          },
          {
            "Key": "Stage",
            "Value": "TEST",
          },
        ],
      },
      "Type": "AWS::RDS::DBSubnetGroup",
    },
  },
}
`;
