// Jest Snapshot v1, https://goo.gl/fbAQLP

exports[`The CloudFormation Lens stack matches the snapshot 1`] = `
{
  "Metadata": {
    "gu:cdk:constructs": [
      "GuDistributionBucketParameter",
      "GuAnghammaradTopicParameter",
      "GuVpcParameter",
      "GuSubnetListParameter",
      "GuCertificate",
      "GuInstanceRole",
      "GuSSMRunCommandPolicy",
      "GuDescribeEC2Policy",
      "GuLoggingStreamNameParameter",
      "GuLogShippingPolicy",
      "GuGetDistributablePolicy",
      "GuParameterStoreReadPolicy",
      "GuAmiParameter",
      "GuHttpsEgressSecurityGroup",
      "GuAutoScalingGroup",
      "GuWazuhAccess",
      "GuApplicationLoadBalancer",
      "GuApplicationTargetGroup",
      "GuHttpsApplicationListener",
      "GuSecurityGroup",
      "GuAlb5xxPercentageAlarm",
      "GuUnhealthyInstancesAlarm",
    ],
    "gu:cdk:version": "TEST",
  },
  "Outputs": {
    "LoadBalancerCloudformationlensDnsName": {
      "Description": "DNS entry for LoadBalancerCloudformationlens",
      "Value": {
        "Fn::GetAtt": [
          "LoadBalancerCloudformationlens45065A19",
          "DNSName",
        ],
      },
    },
  },
  "Parameters": {
    "AMICloudformationlens": {
      "Description": "Amazon Machine Image ID for the app cloudformation-lens. Use this in conjunction with AMIgo to keep AMIs up to date.",
      "Type": "AWS::EC2::Image::Id",
    },
    "AnghammaradSnsArn": {
      "Default": "/account/services/anghammarad.topic.arn",
      "Description": "SSM parameter containing the ARN of the Anghammarad SNS topic",
      "Type": "AWS::SSM::Parameter::Value<String>",
    },
    "DistributionBucketName": {
      "Default": "/account/services/artifact.bucket",
      "Description": "SSM parameter containing the S3 bucket name holding distribution artifacts",
      "Type": "AWS::SSM::Parameter::Value<String>",
    },
    "LoggingStreamName": {
      "Default": "/account/services/logging.stream.name",
      "Description": "SSM parameter containing the Name (not ARN) on the kinesis stream",
      "Type": "AWS::SSM::Parameter::Value<String>",
    },
    "VpcId": {
      "Default": "/account/vpc/primary/id",
      "Description": "Virtual Private Cloud to run EC2 instances within. Should NOT be the account default VPC.",
      "Type": "AWS::SSM::Parameter::Value<AWS::EC2::VPC::Id>",
    },
    "cloudformationlensPrivateSubnets": {
      "Default": "/account/vpc/primary/subnets/private",
      "Description": "A list of private subnets",
      "Type": "AWS::SSM::Parameter::Value<List<AWS::EC2::Subnet::Id>>",
    },
  },
  "Resources": {
    "AutoScalingGroupCloudformationlensASGDA76A8B5": {
      "Properties": {
        "HealthCheckGracePeriod": 120,
        "HealthCheckType": "ELB",
        "LaunchConfigurationName": {
          "Ref": "AutoScalingGroupCloudformationlensLaunchConfig82219E2C",
        },
        "MaxSize": "2",
        "MinSize": "1",
        "Tags": [
          {
            "Key": "App",
            "PropagateAtLaunch": true,
            "Value": "cloudformation-lens",
          },
          {
            "Key": "gu:cdk:pattern-name",
            "PropagateAtLaunch": true,
            "Value": "GuEc2App",
          },
          {
            "Key": "gu:cdk:version",
            "PropagateAtLaunch": true,
            "Value": "TEST",
          },
          {
            "Key": "gu:repo",
            "PropagateAtLaunch": true,
            "Value": "guardian/github-lens",
          },
          {
            "Key": "LogKinesisStreamName",
            "PropagateAtLaunch": true,
            "Value": {
              "Ref": "LoggingStreamName",
            },
          },
          {
            "Key": "Name",
            "PropagateAtLaunch": true,
            "Value": "CloudFormationLens/AutoScalingGroupCloudformationlens",
          },
          {
            "Key": "Stack",
            "PropagateAtLaunch": true,
            "Value": "deploy",
          },
          {
            "Key": "Stage",
            "PropagateAtLaunch": true,
            "Value": "TEST",
          },
          {
            "Key": "SystemdUnit",
            "PropagateAtLaunch": true,
            "Value": "cloudformation-lens.service",
          },
        ],
        "TargetGroupARNs": [
          {
            "Ref": "TargetGroupCloudformationlensAB0868BD",
          },
        ],
        "VPCZoneIdentifier": {
          "Ref": "cloudformationlensPrivateSubnets",
        },
      },
      "Type": "AWS::AutoScaling::AutoScalingGroup",
    },
    "AutoScalingGroupCloudformationlensInstanceProfile4261FC07": {
      "Properties": {
        "Roles": [
          {
            "Ref": "InstanceRoleCloudformationlensBF921D31",
          },
        ],
      },
      "Type": "AWS::IAM::InstanceProfile",
    },
    "AutoScalingGroupCloudformationlensLaunchConfig82219E2C": {
      "DependsOn": [
        "InstanceRoleCloudformationlensDefaultPolicy5FCE5D0D",
        "InstanceRoleCloudformationlensBF921D31",
      ],
      "Properties": {
        "IamInstanceProfile": {
          "Ref": "AutoScalingGroupCloudformationlensInstanceProfile4261FC07",
        },
        "ImageId": {
          "Ref": "AMICloudformationlens",
        },
        "InstanceType": "t4g.nano",
        "MetadataOptions": {
          "HttpTokens": "required",
        },
        "SecurityGroups": [
          {
            "Fn::GetAtt": [
              "GuHttpsEgressSecurityGroupCloudformationlens7F9B14D7",
              "GroupId",
            ],
          },
          {
            "Fn::GetAtt": [
              "WazuhSecurityGroup",
              "GroupId",
            ],
          },
        ],
        "UserData": {
          "Fn::Base64": {
            "Fn::Join": [
              "",
              [
                "#!/bin/bash -ev
cat << EOF > /etc/systemd/system/cloudformation-lens.service
[Unit]
Description=CDK Metadata

[Service]
Environment="BUCKET=",
                {
                  "Ref": "databucketA7E4F76C",
                },
                ""
ExecStart=/cloudformation-lens

[Install]
WantedBy=multi-user.target
EOF

aws s3 cp s3://",
                {
                  "Ref": "DistributionBucketName",
                },
                "/deploy/TEST/cloudformation-lens/cloudformation-lens /cloudformation-lens
chmod +x /cloudformation-lens
systemctl start cloudformation-lens
",
              ],
            ],
          },
        },
      },
      "Type": "AWS::AutoScaling::LaunchConfiguration",
    },
    "CertificateCloudformationlens470553BA": {
      "DeletionPolicy": "Retain",
      "Properties": {
        "DomainName": "cloudformation-lens.gutools.co.uk",
        "Tags": [
          {
            "Key": "App",
            "Value": "cloudformation-lens",
          },
          {
            "Key": "gu:cdk:version",
            "Value": "TEST",
          },
          {
            "Key": "gu:repo",
            "Value": "guardian/github-lens",
          },
          {
            "Key": "Stack",
            "Value": "deploy",
          },
          {
            "Key": "Stage",
            "Value": "TEST",
          },
        ],
        "ValidationMethod": "DNS",
      },
      "Type": "AWS::CertificateManager::Certificate",
      "UpdateReplacePolicy": "Retain",
    },
    "DescribeEC2PolicyFF5F9295": {
      "Properties": {
        "PolicyDocument": {
          "Statement": [
            {
              "Action": [
                "autoscaling:DescribeAutoScalingInstances",
                "autoscaling:DescribeAutoScalingGroups",
                "ec2:DescribeTags",
                "ec2:DescribeInstances",
              ],
              "Effect": "Allow",
              "Resource": "*",
            },
          ],
          "Version": "2012-10-17",
        },
        "PolicyName": "describe-ec2-policy",
        "Roles": [
          {
            "Ref": "InstanceRoleCloudformationlensBF921D31",
          },
        ],
      },
      "Type": "AWS::IAM::Policy",
    },
    "GetDistributablePolicyCloudformationlens44E49028": {
      "Properties": {
        "PolicyDocument": {
          "Statement": [
            {
              "Action": "s3:GetObject",
              "Effect": "Allow",
              "Resource": {
                "Fn::Join": [
                  "",
                  [
                    "arn:aws:s3:::",
                    {
                      "Ref": "DistributionBucketName",
                    },
                    "/deploy/TEST/cloudformation-lens/*",
                  ],
                ],
              },
            },
          ],
          "Version": "2012-10-17",
        },
        "PolicyName": "GetDistributablePolicyCloudformationlens44E49028",
        "Roles": [
          {
            "Ref": "InstanceRoleCloudformationlensBF921D31",
          },
        ],
      },
      "Type": "AWS::IAM::Policy",
    },
    "GuHttpsEgressSecurityGroupCloudformationlens7F9B14D7": {
      "Properties": {
        "GroupDescription": "Allow all outbound HTTPS traffic",
        "SecurityGroupEgress": [
          {
            "CidrIp": "0.0.0.0/0",
            "Description": "Allow all outbound HTTPS traffic",
            "FromPort": 443,
            "IpProtocol": "tcp",
            "ToPort": 443,
          },
        ],
        "Tags": [
          {
            "Key": "App",
            "Value": "cloudformation-lens",
          },
          {
            "Key": "gu:cdk:version",
            "Value": "TEST",
          },
          {
            "Key": "gu:repo",
            "Value": "guardian/github-lens",
          },
          {
            "Key": "Stack",
            "Value": "deploy",
          },
          {
            "Key": "Stage",
            "Value": "TEST",
          },
        ],
        "VpcId": {
          "Ref": "VpcId",
        },
      },
      "Type": "AWS::EC2::SecurityGroup",
    },
    "GuHttpsEgressSecurityGroupCloudformationlensfromCloudFormationLensInternalIngressSecurityGroupCloudformationlensA274C08789008AE352B8": {
      "Properties": {
        "Description": "Load balancer to target",
        "FromPort": 8900,
        "GroupId": {
          "Fn::GetAtt": [
            "GuHttpsEgressSecurityGroupCloudformationlens7F9B14D7",
            "GroupId",
          ],
        },
        "IpProtocol": "tcp",
        "SourceSecurityGroupId": {
          "Fn::GetAtt": [
            "InternalIngressSecurityGroupCloudformationlens0AC9589A",
            "GroupId",
          ],
        },
        "ToPort": 8900,
      },
      "Type": "AWS::EC2::SecurityGroupIngress",
    },
    "GuHttpsEgressSecurityGroupCloudformationlensfromCloudFormationLensLoadBalancerCloudformationlensSecurityGroup432308D38900BA6D99FC": {
      "Properties": {
        "Description": "Load balancer to target",
        "FromPort": 8900,
        "GroupId": {
          "Fn::GetAtt": [
            "GuHttpsEgressSecurityGroupCloudformationlens7F9B14D7",
            "GroupId",
          ],
        },
        "IpProtocol": "tcp",
        "SourceSecurityGroupId": {
          "Fn::GetAtt": [
            "LoadBalancerCloudformationlensSecurityGroup43E2BD8C",
            "GroupId",
          ],
        },
        "ToPort": 8900,
      },
      "Type": "AWS::EC2::SecurityGroupIngress",
    },
    "GuLogShippingPolicy981BFE5A": {
      "Properties": {
        "PolicyDocument": {
          "Statement": [
            {
              "Action": [
                "kinesis:Describe*",
                "kinesis:Put*",
              ],
              "Effect": "Allow",
              "Resource": {
                "Fn::Join": [
                  "",
                  [
                    "arn:aws:kinesis:",
                    {
                      "Ref": "AWS::Region",
                    },
                    ":",
                    {
                      "Ref": "AWS::AccountId",
                    },
                    ":stream/",
                    {
                      "Ref": "LoggingStreamName",
                    },
                  ],
                ],
              },
            },
          ],
          "Version": "2012-10-17",
        },
        "PolicyName": "GuLogShippingPolicy981BFE5A",
        "Roles": [
          {
            "Ref": "InstanceRoleCloudformationlensBF921D31",
          },
        ],
      },
      "Type": "AWS::IAM::Policy",
    },
    "High5xxPercentageAlarmCloudformationlensDF9C5968": {
      "Properties": {
        "ActionsEnabled": true,
        "AlarmActions": [
          {
            "Fn::Join": [
              "",
              [
                "arn:aws:sns:",
                {
                  "Ref": "AWS::Region",
                },
                ":",
                {
                  "Ref": "AWS::AccountId",
                },
                ":",
                {
                  "Ref": "AnghammaradSnsArn",
                },
              ],
            ],
          },
        ],
        "AlarmDescription": "cloudformation-lens exceeded 1% error rate",
        "AlarmName": "High 5XX error % from cloudformation-lens in TEST",
        "ComparisonOperator": "GreaterThanThreshold",
        "EvaluationPeriods": 60,
        "Metrics": [
          {
            "Expression": "100*(m1+m2)/m3",
            "Id": "expr_1",
            "Label": "% of 5XX responses served for cloudformation-lens (load balancer and instances combined)",
          },
          {
            "Id": "m1",
            "MetricStat": {
              "Metric": {
                "Dimensions": [
                  {
                    "Name": "LoadBalancer",
                    "Value": {
                      "Fn::GetAtt": [
                        "LoadBalancerCloudformationlens45065A19",
                        "LoadBalancerFullName",
                      ],
                    },
                  },
                ],
                "MetricName": "HTTPCode_ELB_5XX_Count",
                "Namespace": "AWS/ApplicationELB",
              },
              "Period": 60,
              "Stat": "Sum",
            },
            "ReturnData": false,
          },
          {
            "Id": "m2",
            "MetricStat": {
              "Metric": {
                "Dimensions": [
                  {
                    "Name": "LoadBalancer",
                    "Value": {
                      "Fn::GetAtt": [
                        "LoadBalancerCloudformationlens45065A19",
                        "LoadBalancerFullName",
                      ],
                    },
                  },
                ],
                "MetricName": "HTTPCode_Target_5XX_Count",
                "Namespace": "AWS/ApplicationELB",
              },
              "Period": 60,
              "Stat": "Sum",
            },
            "ReturnData": false,
          },
          {
            "Id": "m3",
            "MetricStat": {
              "Metric": {
                "Dimensions": [
                  {
                    "Name": "LoadBalancer",
                    "Value": {
                      "Fn::GetAtt": [
                        "LoadBalancerCloudformationlens45065A19",
                        "LoadBalancerFullName",
                      ],
                    },
                  },
                ],
                "MetricName": "RequestCount",
                "Namespace": "AWS/ApplicationELB",
              },
              "Period": 60,
              "Stat": "Sum",
            },
            "ReturnData": false,
          },
        ],
        "Threshold": 1,
        "TreatMissingData": "notBreaching",
      },
      "Type": "AWS::CloudWatch::Alarm",
    },
    "InstanceRoleCloudformationlensBF921D31": {
      "Properties": {
        "AssumeRolePolicyDocument": {
          "Statement": [
            {
              "Action": "sts:AssumeRole",
              "Effect": "Allow",
              "Principal": {
                "Service": {
                  "Fn::Join": [
                    "",
                    [
                      "ec2.",
                      {
                        "Ref": "AWS::URLSuffix",
                      },
                    ],
                  ],
                },
              },
            },
          ],
          "Version": "2012-10-17",
        },
        "Path": "/",
        "Tags": [
          {
            "Key": "App",
            "Value": "cloudformation-lens",
          },
          {
            "Key": "gu:cdk:version",
            "Value": "TEST",
          },
          {
            "Key": "gu:repo",
            "Value": "guardian/github-lens",
          },
          {
            "Key": "Stack",
            "Value": "deploy",
          },
          {
            "Key": "Stage",
            "Value": "TEST",
          },
        ],
      },
      "Type": "AWS::IAM::Role",
    },
    "InstanceRoleCloudformationlensDefaultPolicy5FCE5D0D": {
      "Properties": {
        "PolicyDocument": {
          "Statement": [
            {
              "Action": "sts:AssumeRole",
              "Effect": "Allow",
              "Resource": "arn:aws:iam::*:role/cloudformation-read-access",
            },
            {
              "Action": [
                "s3:PutObject",
                "s3:GetObject",
                "s3:ListBucket",
              ],
              "Effect": "Allow",
              "Resource": [
                {
                  "Fn::GetAtt": [
                    "databucketA7E4F76C",
                    "Arn",
                  ],
                },
                {
                  "Fn::Join": [
                    "",
                    [
                      {
                        "Fn::GetAtt": [
                          "databucketA7E4F76C",
                          "Arn",
                        ],
                      },
                      "/*",
                    ],
                  ],
                },
              ],
            },
          ],
          "Version": "2012-10-17",
        },
        "PolicyName": "InstanceRoleCloudformationlensDefaultPolicy5FCE5D0D",
        "Roles": [
          {
            "Ref": "InstanceRoleCloudformationlensBF921D31",
          },
        ],
      },
      "Type": "AWS::IAM::Policy",
    },
    "InternalIngressSecurityGroupCloudformationlens0AC9589A": {
      "Properties": {
        "GroupDescription": "Allow restricted ingress from CIDR ranges",
        "SecurityGroupIngress": [
          {
            "CidrIp": "10.0.0.0/8",
            "Description": "Allow access on port 443 from 10.0.0.0/8",
            "FromPort": 443,
            "IpProtocol": "tcp",
            "ToPort": 443,
          },
        ],
        "Tags": [
          {
            "Key": "App",
            "Value": "cloudformation-lens",
          },
          {
            "Key": "gu:cdk:version",
            "Value": "TEST",
          },
          {
            "Key": "gu:repo",
            "Value": "guardian/github-lens",
          },
          {
            "Key": "Stack",
            "Value": "deploy",
          },
          {
            "Key": "Stage",
            "Value": "TEST",
          },
        ],
        "VpcId": {
          "Ref": "VpcId",
        },
      },
      "Type": "AWS::EC2::SecurityGroup",
    },
    "InternalIngressSecurityGroupCloudformationlenstoCloudFormationLensGuHttpsEgressSecurityGroupCloudformationlensC4327E3E89004E35123F": {
      "Properties": {
        "Description": "Load balancer to target",
        "DestinationSecurityGroupId": {
          "Fn::GetAtt": [
            "GuHttpsEgressSecurityGroupCloudformationlens7F9B14D7",
            "GroupId",
          ],
        },
        "FromPort": 8900,
        "GroupId": {
          "Fn::GetAtt": [
            "InternalIngressSecurityGroupCloudformationlens0AC9589A",
            "GroupId",
          ],
        },
        "IpProtocol": "tcp",
        "ToPort": 8900,
      },
      "Type": "AWS::EC2::SecurityGroupEgress",
    },
    "ListenerCloudformationlens664D2766": {
      "Properties": {
        "Certificates": [
          {
            "CertificateArn": {
              "Ref": "CertificateCloudformationlens470553BA",
            },
          },
        ],
        "DefaultActions": [
          {
            "TargetGroupArn": {
              "Ref": "TargetGroupCloudformationlensAB0868BD",
            },
            "Type": "forward",
          },
        ],
        "LoadBalancerArn": {
          "Ref": "LoadBalancerCloudformationlens45065A19",
        },
        "Port": 443,
        "Protocol": "HTTPS",
      },
      "Type": "AWS::ElasticLoadBalancingV2::Listener",
    },
    "LoadBalancerCloudformationlens45065A19": {
      "Properties": {
        "LoadBalancerAttributes": [
          {
            "Key": "deletion_protection.enabled",
            "Value": "true",
          },
        ],
        "Scheme": "internal",
        "SecurityGroups": [
          {
            "Fn::GetAtt": [
              "LoadBalancerCloudformationlensSecurityGroup43E2BD8C",
              "GroupId",
            ],
          },
          {
            "Fn::GetAtt": [
              "InternalIngressSecurityGroupCloudformationlens0AC9589A",
              "GroupId",
            ],
          },
        ],
        "Subnets": {
          "Ref": "cloudformationlensPrivateSubnets",
        },
        "Tags": [
          {
            "Key": "App",
            "Value": "cloudformation-lens",
          },
          {
            "Key": "gu:cdk:version",
            "Value": "TEST",
          },
          {
            "Key": "gu:repo",
            "Value": "guardian/github-lens",
          },
          {
            "Key": "Stack",
            "Value": "deploy",
          },
          {
            "Key": "Stage",
            "Value": "TEST",
          },
        ],
        "Type": "application",
      },
      "Type": "AWS::ElasticLoadBalancingV2::LoadBalancer",
    },
    "LoadBalancerCloudformationlensSecurityGroup43E2BD8C": {
      "Properties": {
        "GroupDescription": "Automatically created Security Group for ELB CloudFormationLensLoadBalancerCloudformationlens84A8B6FA",
        "Tags": [
          {
            "Key": "App",
            "Value": "cloudformation-lens",
          },
          {
            "Key": "gu:cdk:version",
            "Value": "TEST",
          },
          {
            "Key": "gu:repo",
            "Value": "guardian/github-lens",
          },
          {
            "Key": "Stack",
            "Value": "deploy",
          },
          {
            "Key": "Stage",
            "Value": "TEST",
          },
        ],
        "VpcId": {
          "Ref": "VpcId",
        },
      },
      "Type": "AWS::EC2::SecurityGroup",
    },
    "LoadBalancerCloudformationlensSecurityGrouptoCloudFormationLensGuHttpsEgressSecurityGroupCloudformationlensC4327E3E890071AAF7F1": {
      "Properties": {
        "Description": "Load balancer to target",
        "DestinationSecurityGroupId": {
          "Fn::GetAtt": [
            "GuHttpsEgressSecurityGroupCloudformationlens7F9B14D7",
            "GroupId",
          ],
        },
        "FromPort": 8900,
        "GroupId": {
          "Fn::GetAtt": [
            "LoadBalancerCloudformationlensSecurityGroup43E2BD8C",
            "GroupId",
          ],
        },
        "IpProtocol": "tcp",
        "ToPort": 8900,
      },
      "Type": "AWS::EC2::SecurityGroupEgress",
    },
    "ParameterStoreReadCloudformationlens90128DF1": {
      "Properties": {
        "PolicyDocument": {
          "Statement": [
            {
              "Action": "ssm:GetParametersByPath",
              "Effect": "Allow",
              "Resource": {
                "Fn::Join": [
                  "",
                  [
                    "arn:aws:ssm:",
                    {
                      "Ref": "AWS::Region",
                    },
                    ":",
                    {
                      "Ref": "AWS::AccountId",
                    },
                    ":parameter/TEST/deploy/cloudformation-lens",
                  ],
                ],
              },
            },
            {
              "Action": [
                "ssm:GetParameters",
                "ssm:GetParameter",
              ],
              "Effect": "Allow",
              "Resource": {
                "Fn::Join": [
                  "",
                  [
                    "arn:aws:ssm:",
                    {
                      "Ref": "AWS::Region",
                    },
                    ":",
                    {
                      "Ref": "AWS::AccountId",
                    },
                    ":parameter/TEST/deploy/cloudformation-lens/*",
                  ],
                ],
              },
            },
          ],
          "Version": "2012-10-17",
        },
        "PolicyName": "parameter-store-read-policy",
        "Roles": [
          {
            "Ref": "InstanceRoleCloudformationlensBF921D31",
          },
        ],
      },
      "Type": "AWS::IAM::Policy",
    },
    "SSMRunCommandPolicy244E1613": {
      "Properties": {
        "PolicyDocument": {
          "Statement": [
            {
              "Action": [
                "ec2messages:AcknowledgeMessage",
                "ec2messages:DeleteMessage",
                "ec2messages:FailMessage",
                "ec2messages:GetEndpoint",
                "ec2messages:GetMessages",
                "ec2messages:SendReply",
                "ssm:UpdateInstanceInformation",
                "ssm:ListInstanceAssociations",
                "ssm:DescribeInstanceProperties",
                "ssm:DescribeDocumentParameters",
                "ssmmessages:CreateControlChannel",
                "ssmmessages:CreateDataChannel",
                "ssmmessages:OpenControlChannel",
                "ssmmessages:OpenDataChannel",
              ],
              "Effect": "Allow",
              "Resource": "*",
            },
          ],
          "Version": "2012-10-17",
        },
        "PolicyName": "ssm-run-command-policy",
        "Roles": [
          {
            "Ref": "InstanceRoleCloudformationlensBF921D31",
          },
        ],
      },
      "Type": "AWS::IAM::Policy",
    },
    "TargetGroupCloudformationlensAB0868BD": {
      "Properties": {
        "HealthCheckIntervalSeconds": 10,
        "HealthCheckPath": "/healthcheck",
        "HealthCheckProtocol": "HTTP",
        "HealthCheckTimeoutSeconds": 5,
        "HealthyThresholdCount": 5,
        "Port": 8900,
        "Protocol": "HTTP",
        "Tags": [
          {
            "Key": "App",
            "Value": "cloudformation-lens",
          },
          {
            "Key": "gu:cdk:version",
            "Value": "TEST",
          },
          {
            "Key": "gu:repo",
            "Value": "guardian/github-lens",
          },
          {
            "Key": "Stack",
            "Value": "deploy",
          },
          {
            "Key": "Stage",
            "Value": "TEST",
          },
        ],
        "TargetGroupAttributes": [
          {
            "Key": "deregistration_delay.timeout_seconds",
            "Value": "30",
          },
          {
            "Key": "stickiness.enabled",
            "Value": "false",
          },
        ],
        "TargetType": "instance",
        "UnhealthyThresholdCount": 2,
        "VpcId": {
          "Ref": "VpcId",
        },
      },
      "Type": "AWS::ElasticLoadBalancingV2::TargetGroup",
    },
    "UnhealthyInstancesAlarmCloudformationlens2BC17DBA": {
      "Properties": {
        "ActionsEnabled": true,
        "AlarmActions": [
          {
            "Fn::Join": [
              "",
              [
                "arn:aws:sns:",
                {
                  "Ref": "AWS::Region",
                },
                ":",
                {
                  "Ref": "AWS::AccountId",
                },
                ":",
                {
                  "Ref": "AnghammaradSnsArn",
                },
              ],
            ],
          },
        ],
        "AlarmDescription": "cloudformation-lens's instances have failed healthchecks several times over the last 1 hour.
      This typically results in the AutoScaling Group cycling instances and can lead to problems with deployment,
      scaling or handling traffic spikes.

      Check cloudformation-lens's application logs or ssh onto an unhealthy instance in order to debug these problems.",
        "AlarmName": "Unhealthy instances for cloudformation-lens in TEST",
        "ComparisonOperator": "GreaterThanOrEqualToThreshold",
        "DatapointsToAlarm": 30,
        "Dimensions": [
          {
            "Name": "LoadBalancer",
            "Value": {
              "Fn::Join": [
                "",
                [
                  {
                    "Fn::Select": [
                      1,
                      {
                        "Fn::Split": [
                          "/",
                          {
                            "Ref": "ListenerCloudformationlens664D2766",
                          },
                        ],
                      },
                    ],
                  },
                  "/",
                  {
                    "Fn::Select": [
                      2,
                      {
                        "Fn::Split": [
                          "/",
                          {
                            "Ref": "ListenerCloudformationlens664D2766",
                          },
                        ],
                      },
                    ],
                  },
                  "/",
                  {
                    "Fn::Select": [
                      3,
                      {
                        "Fn::Split": [
                          "/",
                          {
                            "Ref": "ListenerCloudformationlens664D2766",
                          },
                        ],
                      },
                    ],
                  },
                ],
              ],
            },
          },
          {
            "Name": "TargetGroup",
            "Value": {
              "Fn::GetAtt": [
                "TargetGroupCloudformationlensAB0868BD",
                "TargetGroupFullName",
              ],
            },
          },
        ],
        "EvaluationPeriods": 60,
        "MetricName": "UnHealthyHostCount",
        "Namespace": "AWS/ApplicationELB",
        "Period": 60,
        "Statistic": "Maximum",
        "Threshold": 1,
        "TreatMissingData": "notBreaching",
      },
      "Type": "AWS::CloudWatch::Alarm",
    },
    "WazuhSecurityGroup": {
      "Properties": {
        "GroupDescription": "Allow outbound traffic from wazuh agent to manager",
        "SecurityGroupEgress": [
          {
            "CidrIp": "0.0.0.0/0",
            "Description": "Wazuh event logging",
            "FromPort": 1514,
            "IpProtocol": "tcp",
            "ToPort": 1514,
          },
          {
            "CidrIp": "0.0.0.0/0",
            "Description": "Wazuh agent registration",
            "FromPort": 1515,
            "IpProtocol": "tcp",
            "ToPort": 1515,
          },
        ],
        "Tags": [
          {
            "Key": "gu:cdk:version",
            "Value": "TEST",
          },
          {
            "Key": "gu:repo",
            "Value": "guardian/github-lens",
          },
          {
            "Key": "Stack",
            "Value": "deploy",
          },
          {
            "Key": "Stage",
            "Value": "TEST",
          },
        ],
        "VpcId": {
          "Ref": "VpcId",
        },
      },
      "Type": "AWS::EC2::SecurityGroup",
    },
    "cname": {
      "Properties": {
        "Name": "cloudformation-lens.gutools.co.uk",
        "RecordType": "CNAME",
        "ResourceRecords": [
          {
            "Fn::GetAtt": [
              "LoadBalancerCloudformationlens45065A19",
              "DNSName",
            ],
          },
        ],
        "Stage": "TEST",
        "TTL": 3600,
      },
      "Type": "Guardian::DNS::RecordSet",
    },
    "databucketA7E4F76C": {
      "DeletionPolicy": "Retain",
      "Properties": {
        "LifecycleConfiguration": {
          "Rules": [
            {
              "ExpirationInDays": 30,
              "Status": "Enabled",
            },
          ],
        },
        "Tags": [
          {
            "Key": "gu:cdk:version",
            "Value": "TEST",
          },
          {
            "Key": "gu:repo",
            "Value": "guardian/github-lens",
          },
          {
            "Key": "Stack",
            "Value": "deploy",
          },
          {
            "Key": "Stage",
            "Value": "TEST",
          },
        ],
      },
      "Type": "AWS::S3::Bucket",
      "UpdateReplacePolicy": "Retain",
    },
  },
}
`;
